// Jest Snapshot v1, https://goo.gl/fbAQLP

exports[`render button test 1`] = `
<View
  accessible={true}
  collapsable={false}
  focusable={true}
  onClick={[Function]}
  onResponderGrant={[Function]}
  onResponderMove={[Function]}
  onResponderRelease={[Function]}
  onResponderTerminate={[Function]}
  onResponderTerminationRequest={[Function]}
  onStartShouldSetResponder={[Function]}
  style={
    Object {
      "alignItems": "center",
      "flexDirection": "row",
      "justifyContent": "center",
      "opacity": 1,
      "paddingHorizontal": 12,
      "paddingVertical": 16,
    }
  }
>
  <Text
    allowFontScaling={false}
    style={
      Array [
        undefined,
        undefined,
        undefined,
        undefined,
        undefined,
        undefined,
        undefined,
        undefined,
        undefined,
        Object {
          "color": "#2E312D",
          "fontFamily": "SF Pro Display",
          "fontSize": 16,
          "fontWeight": "700",
          "lineHeight": 22,
        },
        undefined,
        undefined,
        false,
        undefined,
        undefined,
        undefined,
        undefined,
        undefined,
        undefined,
        undefined,
        false,
        undefined,
        undefined,
      ]
    }
    testID="text"
  >
    hello
  </Text>
</View>
`;
