// Jest Snapshot v1, https://goo.gl/fbAQLP

exports[`render text test 1`] = `
<Text
  allowFontScaling={false}
  style={
    Array [
      undefined,
      undefined,
      undefined,
      undefined,
      undefined,
      undefined,
      undefined,
      undefined,
      undefined,
      undefined,
      undefined,
      undefined,
      undefined,
      undefined,
      undefined,
      undefined,
      undefined,
      undefined,
      undefined,
      undefined,
      false,
      undefined,
      undefined,
    ]
  }
  testID="text"
>
  hello
</Text>
`;
